7.10000e+00 1.25000e+01 6.34066e-06 -7.50000e-01 0.00000e+00
7.10000e+00 1.25000e+01 9.80359e-06 7.50000e-01 6.34066e-06
7.10000e+00 3.75000e+01 3.64889e-06 -7.50000e-01 0.00000e+00
7.10000e+00 3.75000e+01 5.05229e-06 7.50000e-01 3.64889e-06
7.10000e+00 6.25000e+01 4.92437e-06 -7.50000e-01 0.00000e+00
7.10000e+00 6.25000e+01 7.34042e-06 7.50000e-01 4.92437e-06
