#,,,,,,"generated_by='OpenQuake engine 3.19.0-git6fec9b3084', start_date='2024-03-01T10:00:08', checksum=3272674345, investigation_time=1.0, mag_bin_edges=[5.6000000000000005, 5.800000000000001, 6.0, 6.2, 6.4, 6.6000000000000005, 6.800000000000001, 7.0, 7.2], dist_bin_edges=[0.0, 25.0, 50.0, 75.0, 100.0, 125.0, 150.0, 175.0, 200.0], lon_bin_edges=[-1.79864, 0.0, 1.79864], lat_bin_edges=[-1.79864, 0.0, 1.79864], eps_bin_edges=[-6.0, 6.0], tectonic_region_types=['Active Shallow Crust'], lon=0.0, lat=0.0"
imt,iml,poe,trt,lon,lat,mean
SA(0.1),1.82874E+00,2.10500E-03,Active Shallow Crust,-8.99320E-01,-8.99320E-01,0.00000E+00
SA(0.1),1.82874E+00,2.10500E-03,Active Shallow Crust,-8.99320E-01,8.99320E-01,0.00000E+00
SA(0.1),1.82874E+00,2.10500E-03,Active Shallow Crust,8.99320E-01,-8.99320E-01,0.00000E+00
SA(0.1),1.82874E+00,2.10500E-03,Active Shallow Crust,8.99320E-01,8.99320E-01,2.10880E-03
