7.10000e+00 1.25000e+01 5.03878e-06 -7.50000e-01 0.00000e+00
7.10000e+00 1.25000e+01 7.50375e-06 7.50000e-01 5.03878e-06
7.10000e+00 3.75000e+01 5.21717e-07 -7.50000e-01 0.00000e+00
7.10000e+00 3.75000e+01 2.62856e-06 7.50000e-01 5.21717e-07
7.10000e+00 6.25000e+01 5.65241e-06 -7.50000e-01 0.00000e+00
7.10000e+00 6.25000e+01 6.63182e-06 7.50000e-01 5.65241e-06
