<?xml version="1.0" encoding="utf-8"?>
<nrml
xmlns="http://openquake.org/xmlns/nrml/0.5"
xmlns:gml="http://www.opengis.net/gml"
>
    <sourceModel
    name="Distributed seismicity"
    >
        <sourceGroup
        rup_interdep="indep"
        src_interdep="indep"
        tectonicRegion="Active Shallow Crust"
        >
            <multiPointSource
            id="pnts"
            name="pnts"
            >
                <multiPointGeometry>
                    <gml:posList>
                        -2.0 0.0 -2.0 0.2 -2.0 0.4 -2.0 0.6 -2.0 0.8 -2.0 1.0 -2.0 1.2 -2.0 1.4 -2.0 1.6 -2.0 1.8 -1.8 0.0 -1.8 0.2 -1.8 0.4 -1.8 0.6 -1.8 0.8 -1.8 1.0 -1.8 1.2 -1.8 1.4 -1.8 1.6 -1.8 1.8 -1.6 0.0 -1.6 0.2 -1.6 0.4 -1.6 0.6 -1.6 0.8 -1.6 1.0 -1.6 1.2 -1.6 1.4 -1.6 1.6 -1.6 1.8 -1.4 0.0 -1.4 0.2 -1.4 0.4 -1.4 0.6 -1.4 0.8 -1.4 1.0 -1.4 1.2 -1.4 1.4 -1.4 1.6 -1.4 1.8 -1.2 0.0 -1.2 0.2 -1.2 0.4 -1.2 0.6 -1.2 0.8 -1.2 1.0 -1.2 1.2 -1.2 1.4 -1.2 1.6 -1.2 1.8 -1.0 0.0 -1.0 0.2 -1.0 0.4 -1.0 0.6 -1.0 0.8 -1.0 1.0 -1.0 1.2 -1.0 1.4 -1.0 1.6 -1.0 1.8 -0.8 0.0 -0.8 0.2 -0.8 0.4 -0.8 0.6 -0.8 0.8 -0.8 1.0 -0.8 1.2 -0.8 1.4 -0.8 1.6 -0.8 1.8 -0.6 0.0 -0.6 0.2 -0.6 0.4 -0.6 0.6 -0.6 0.8 -0.6 1.0 -0.6 1.2 -0.6 1.4 -0.6 1.6 -0.6 1.8 -0.4 0.0 -0.4 0.2 -0.4 0.4 -0.4 0.6 -0.4 0.8 -0.4 1.0 -0.4 1.2 -0.4 1.4 -0.4 1.6 -0.4 1.8 -0.2 0.0 -0.2 0.2 -0.2 0.4 -0.2 0.6 -0.2 0.8 -0.2 1.0 -0.2 1.2 -0.2 1.4 -0.2 1.6 -0.2 1.8 0.0 0.2 0.0 0.4 0.0 0.6 0.0 0.8 0.0 1.0 0.0 1.2 0.0 1.4 0.0 1.6 0.0 1.8 0.2 0.4 0.2 0.6 0.2 0.8 0.2 1.0 0.2 1.2 0.2 1.4 0.2 1.6 0.2 1.8 0.4 0.4 0.4 0.6 0.4 0.8 0.4 1.0 0.4 1.2 0.4 1.4 0.4 1.6 0.4 1.8 0.6 0.2 0.6 0.4 0.6 0.6 0.6 0.8 0.6 1.0 0.6 1.2 0.6 1.4 0.6 1.6 0.6 1.8 0.8 0.0 0.8 0.2 0.8 0.4 0.8 0.6 0.8 0.8 0.8 1.0 0.8 1.2 0.8 1.4 0.8 1.6 0.8 1.8 1.0 0.0 1.0 0.2 1.0 0.4 1.0 0.6 1.0 0.8 1.0 1.0 1.0 1.2 1.0 1.4 1.0 1.6 1.0 1.8 1.2 0.0 1.2 0.2 1.2 0.4 1.2 0.6 1.2 0.8 1.2 1.0 1.2 1.2 1.2 1.4 1.2 1.6 1.2 1.8 1.4 0.0 1.4 0.2 1.4 0.4 1.4 0.6 1.4 0.8 1.4 1.0 1.4 1.2 1.4 1.4 1.4 1.6 1.4 1.8 1.6 0.0 1.6 0.2 1.6 0.4 1.6 0.6 1.6 0.8 1.6 1.0 1.6 1.2 1.6 1.4 1.6 1.6 1.6 1.8 1.8 0.0 1.8 0.2 1.8 0.4 1.8 0.6 1.8 0.8 1.8 1.0 1.8 1.2 1.8 1.4 1.8 1.6 1.8 1.8
                    </gml:posList>
                    <upperSeismoDepth>
                        2.0
                    </upperSeismoDepth>
                    <lowerSeismoDepth>
                        20.0
                    </lowerSeismoDepth>
                </multiPointGeometry>
                <magScaleRel>
                    PointMSR
                </magScaleRel>
                <ruptAspectRatio>
                    1.0
                </ruptAspectRatio>
                <multiMFD
                kind="truncGutenbergRichterMFD"
                size="194"
                >
                    <a_val>
                        0.5 0.5 0.5 0.5 0.5 0.5 0.5 0.5 0.5 0.5 0.5 0.5 0.5 0.5 0.5 0.5 0.5 0.5 0.5 0.5 0.5 0.5 0.5 0.5 0.5 0.5 0.5 0.5 0.5 0.5 0.5 0.5 0.5 0.5 0.5 0.5 0.5 0.5 0.5 0.5 0.5 0.5 0.5 0.5 0.5 0.5 0.5 0.5 0.5 0.5 0.5 0.5 0.5 0.5 0.5 0.5 0.5 0.5 0.5 0.5 0.5 0.5 0.5 0.5 0.5 0.5 0.5 0.5 0.5 0.5 0.5 0.5 0.5 0.5 0.5 0.5 0.5 0.5 0.5 0.5 0.5 0.5 0.5 0.5 0.5 0.5 0.5 0.5 0.5 0.5 0.5 0.5 0.5 0.5 0.5 0.5 0.5 0.5 0.5 0.5 0.5 0.5 0.5 0.5 0.5 0.5 0.5 0.5 0.5 0.5 0.5 0.5 0.5 0.5 0.5 0.5 0.5 0.5 0.5 0.5 0.5 0.5 0.5 0.5 0.5 0.5 0.5 0.5 0.5 0.5 0.5 0.5 0.5 0.5 0.5 0.5 0.5 0.5 0.5 0.5 0.5 0.5 0.5 0.5 0.5 0.5 0.5 0.5 0.5 0.5 0.5 0.5 0.5 0.5 0.5 0.5 0.5 0.5 0.5 0.5 0.5 0.5 0.5 0.5 0.5 0.5 0.5 0.5 0.5 0.5 0.5 0.5 0.5 0.5 0.5 0.5 0.5 0.5 0.5 0.5 0.5 0.5 0.5 0.5 0.5 0.5 0.5 0.5 0.5 0.5 0.5 0.5 0.5 0.5
                    </a_val>
                    <b_val>
                        1.0
                    </b_val>
                    <bin_width>
                        0.1
                    </bin_width>
                    <max_mag>
                        7.45
                    </max_mag>
                    <min_mag>
                        5.05
                    </min_mag>
                </multiMFD>
                <nodalPlaneDist>
                    <nodalPlane dip="50.0" probability="1.0" rake="90.0" strike="0.0"/>
                </nodalPlaneDist>
                <hypoDepthDist>
                    <hypoDepth depth="5.0" probability="0.2"/>
                    <hypoDepth depth="10.0" probability="0.5"/>
                    <hypoDepth depth="15.0" probability="0.3"/>
                </hypoDepthDist>
            </multiPointSource>
        </sourceGroup>
    </sourceModel>
</nrml>
