<?xml version="1.0" encoding="utf-8"?>
<nrml
xmlns="http://openquake.org/xmlns/nrml/0.5"
xmlns:gml="http://www.opengis.net/gml"
>
    <sourceModel
    name="Distributed seismicity"
    >
        <sourceGroup
        rup_interdep="indep"
        src_interdep="indep"
        tectonicRegion="Active Shallow Crust"
        >
            <pointSource
            id="2"
            name="point2"
            >
                <pointGeometry>
                    <gml:Point>
                        <gml:pos>
                            0.4 -0.2
                        </gml:pos>
                    </gml:Point>
                    <upperSeismoDepth>
                        2.0
                    </upperSeismoDepth>
                    <lowerSeismoDepth>
                        20.0
                    </lowerSeismoDepth>
                </pointGeometry>
                <magScaleRel>
                    PointMSR
                </magScaleRel>
                <ruptAspectRatio>
                    1.0
                </ruptAspectRatio>
                <truncGutenbergRichterMFD aValue="0.1" bValue="1.0" maxMag="7.5" minMag="5.0"/>
                <nodalPlaneDist>
                    <nodalPlane dip="50.0" probability="1.0" rake="90.0" strike="0.0"/>
                </nodalPlaneDist>
                <hypoDepthDist>
                    <hypoDepth depth="5.0" probability="1.0"/>
                </hypoDepthDist>
            </pointSource>
            <pointSource
            id="2"
            name="point2"
            >
                <pointGeometry>
                    <gml:Point>
                        <gml:pos>
                            0.4 -0.2
                        </gml:pos>
                    </gml:Point>
                    <upperSeismoDepth>
                        2.0
                    </upperSeismoDepth>
                    <lowerSeismoDepth>
                        20.0
                    </lowerSeismoDepth>
                </pointGeometry>
                <magScaleRel>
                    PointMSR
                </magScaleRel>
                <ruptAspectRatio>
                    1.0
                </ruptAspectRatio>
                <truncGutenbergRichterMFD aValue="0.25" bValue="1.0" maxMag="7.5" minMag="5.0"/>
                <nodalPlaneDist>
                    <nodalPlane dip="50.0" probability="1.0" rake="90.0" strike="0.0"/>
                </nodalPlaneDist>
                <hypoDepthDist>
                    <hypoDepth depth="10.0" probability="1.0"/>
                </hypoDepthDist>
            </pointSource>
            <pointSource
            id="2"
            name="point2"
            >
                <pointGeometry>
                    <gml:Point>
                        <gml:pos>
                            0.4 -0.2
                        </gml:pos>
                    </gml:Point>
                    <upperSeismoDepth>
                        2.0
                    </upperSeismoDepth>
                    <lowerSeismoDepth>
                        20.0
                    </lowerSeismoDepth>
                </pointGeometry>
                <magScaleRel>
                    PointMSR
                </magScaleRel>
                <ruptAspectRatio>
                    1.0
                </ruptAspectRatio>
                <truncGutenbergRichterMFD aValue="0.15" bValue="1.0" maxMag="7.5" minMag="5.0"/>
                <nodalPlaneDist>
                    <nodalPlane dip="50.0" probability="1.0" rake="90.0" strike="0.0"/>
                </nodalPlaneDist>
                <hypoDepthDist>
                    <hypoDepth depth="15.0" probability="1.0"/>
                </hypoDepthDist>
            </pointSource>
            <pointSource
            id="2"
            name="point2"
            >
                <pointGeometry>
                    <gml:Point>
                        <gml:pos>
                            0.2 -0.2
                        </gml:pos>
                    </gml:Point>
                    <upperSeismoDepth>
                        2.0
                    </upperSeismoDepth>
                    <lowerSeismoDepth>
                        20.0
                    </lowerSeismoDepth>
                </pointGeometry>
                <magScaleRel>
                    PointMSR
                </magScaleRel>
                <ruptAspectRatio>
                    1.0
                </ruptAspectRatio>
                <truncGutenbergRichterMFD aValue="0.1" bValue="1.0" maxMag="7.5" minMag="5.0"/>
                <nodalPlaneDist>
                    <nodalPlane dip="50.0" probability="1.0" rake="90.0" strike="0.0"/>
                </nodalPlaneDist>
                <hypoDepthDist>
                    <hypoDepth depth="5.0" probability="1.0"/>
                </hypoDepthDist>
            </pointSource>
            <pointSource
            id="2"
            name="point2"
            >
                <pointGeometry>
                    <gml:Point>
                        <gml:pos>
                            0.2 -0.2
                        </gml:pos>
                    </gml:Point>
                    <upperSeismoDepth>
                        2.0
                    </upperSeismoDepth>
                    <lowerSeismoDepth>
                        20.0
                    </lowerSeismoDepth>
                </pointGeometry>
                <magScaleRel>
                    PointMSR
                </magScaleRel>
                <ruptAspectRatio>
                    1.0
                </ruptAspectRatio>
                <truncGutenbergRichterMFD aValue="0.25" bValue="1.0" maxMag="6.5" minMag="5.0"/>
                <nodalPlaneDist>
                    <nodalPlane dip="50.0" probability="1.0" rake="90.0" strike="0.0"/>
                </nodalPlaneDist>
                <hypoDepthDist>
                    <hypoDepth depth="10.0" probability="1.0"/>
                </hypoDepthDist>
            </pointSource>
            <pointSource
            id="2"
            name="point2"
            >
                <pointGeometry>
                    <gml:Point>
                        <gml:pos>
                            0.2 -0.2
                        </gml:pos>
                    </gml:Point>
                    <upperSeismoDepth>
                        2.0
                    </upperSeismoDepth>
                    <lowerSeismoDepth>
                        20.0
                    </lowerSeismoDepth>
                </pointGeometry>
                <magScaleRel>
                    PointMSR
                </magScaleRel>
                <ruptAspectRatio>
                    1.0
                </ruptAspectRatio>
                <truncGutenbergRichterMFD aValue="0.15" bValue="1.0" maxMag="6.5" minMag="5.0"/>
                <nodalPlaneDist>
                    <nodalPlane dip="50.0" probability="1.0" rake="90.0" strike="0.0"/>
                </nodalPlaneDist>
                <hypoDepthDist>
                    <hypoDepth depth="15.0" probability="1.0"/>
                </hypoDepthDist>
            </pointSource>
        </sourceGroup>
    </sourceModel>
</nrml>
