eventID,Agency,year,month,day,hour,minute,second,timeError,longitude,latitude,SemiMajor90,SemiMinor90,ErrorStrike,depth,depthError,magnitude,sigmaMagnitude,magnitudeType
EV0001,AA,1900,1,1,0,0,0.0,0.0,10.1,45.1,45.1,45.1,45.1,5.0,5.0,6.012359563267861,0.3,0.3
EV0002,AA,1900,1,1,0,0,0.0,0.0,10.1,45.1,45.1,45.1,45.1,50.0,50.0,5.887265938779767,0.5,0.5
EV0003,AA,1900,1,1,0,0,0.0,0.0,10.3,45.4,45.4,45.4,45.4,10.0,10.0,6.137453187755954,0.1,0.1
EV0004,AA,1900,1,1,0,0,0.0,0.0,10.5,45.5,45.5,45.5,45.5,31.0,31.0,6.062397013063098,0.22,0.22
EV0005,AA,1900,1,1,0,0,0.0,0.0,10.6,45.6,45.6,45.6,45.6,20.0,20.0,5.574531877559534,1.0,1.0
