6.01,6.31
5.89,6.38
6.14,6.24
6.06,6.28
5.57,6.55
