-4.99622e-02 4.99622e-02 1.58325e-03 1.00000e+00 0.00000e+00
-4.99622e-02 1.49887e-01 5.23908e-04 1.00000e+00 0.00000e+00
-4.99622e-02 3.49736e-01 2.47330e-06 1.00000e+00 0.00000e+00
